// Jest Snapshot v1, https://goo.gl/fbAQLP

exports[`When an avatar is displayed Then it will be rendered in the given size 1`] = `
.c0 {
  -webkit-flex: 0 0 64px;
  -ms-flex: 0 0 64px;
  flex: 0 0 64px;
  width: 64px;
  height: 64px;
  padding: 1rem;
}

<img
  className="c0"
  size="64px"
  src="src_stub"
/>
`;
