// Jest Snapshot v1, https://goo.gl/fbAQLP

exports[`query correctly 1`] = `
.c0 {
  display: grid;
  grid-template-columns: minmax(auto,64em);
  -webkit-box-pack: center;
  -webkit-justify-content: center;
  -ms-flex-pack: center;
  justify-content: center;
  padding: 1rem;
}

.c2 {
  color: #663399;
}

.c3 {
  min-width: 0;
}

.c1 {
  display: grid;
  grid-template-columns: 1fr;
}

.c5 {
  -webkit-flex: 0 0 64px;
  -ms-flex: 0 0 64px;
  flex: 0 0 64px;
  width: 64px;
  height: 64px;
  padding: 1rem;
}

.c4 {
  -webkit-align-items: center;
  -webkit-box-align: center;
  -ms-flex-align: center;
  align-items: center;
  box-shadow: 0 4px 8px 0 rgba(0,0,0,0.2);
  box-sizing: border-box;
  display: -webkit-box;
  display: -webkit-flex;
  display: -ms-flexbox;
  display: flex;
  margin: 0 0 1rem 0;
  padding: 0.6rem;
  -webkit-transition: 0.3s;
  transition: 0.3s;
  width: 100%;
}

.c4:hover {
  box-shadow: 0 6px 12px 0 rgba(0,0,0,0.2);
}

.c4:last-child {
  margin: 0;
}

.c6 {
  -webkit-flex: 1;
  -ms-flex: 1;
  flex: 1;
  -webkit-hyphens: auto;
  -moz-hyphens: auto;
  -ms-hyphens: auto;
  hyphens: auto;
  min-width: 0;
  overflow-wrap: break-word;
  word-wrap: break-word;
}

.c8 {
  margin: 0;
}

.c7 {
  margin: 0 0 0.6rem 0;
  padding: 0;
  word-wrap: none;
}

<div
  className="c0"
>
  <div
    className="c1"
  >
    <header>
      <h1
        className="c2"
      >
        Molecular starter
      </h1>
    </header>
    <div
      className="c3"
    >
      <div
        className="c4"
      >
        <img
          alt="My first blog post"
          className="c5"
          size="64px"
          src="https://www.secorto.com/img/logo.png"
        />
        <div
          className="c6"
        >
          <a
            href="/blog/my-first-post"
          >
            <h2
              className="c7"
            >
              My first blog post
            </h2>
          </a>
          <p
            className="c8"
          >
            "Lorem ipsum dolor sit amet, consectetur adipiscing elit, sed do eiusmod tempor incididunt ut labore et dolore magna aliqua. Ut enim ad minim veniam, quis nostrud exercitation ullamco laboris nisi ut…
          </p>
        </div>
      </div>
    </div>
  </div>
</div>
`;
