// Jest Snapshot v1, https://goo.gl/fbAQLP

exports[`When I want to see the home page Then the page should be rendered 1`] = `
<BoxedLayout
  menuLinks={Array []}
  title="Molecular starter"
>
  <PostList
    data={
      Array [
        Object {
          "node": Object {
            "excerpt": "\\"Lorem ipsum dolor sit amet, consectetur adipiscing elit, sed do eiusmod tempor incididunt ut labore et dolore magna aliqua. Ut enim ad minim veniam, quis nostrud exercitation ullamco laboris nisi ut…",
            "fields": Object {
              "slug": "/blog/my-first-post",
            },
            "frontmatter": Object {
              "date": "November 07, 2017",
              "image": "https://www.secorto.com/img/logo.png",
              "title": "My first blog post",
            },
            "id": "39cb6d6b-1bf3-5aa1-a310-b882314db77b",
          },
        },
      ]
    }
  />
</BoxedLayout>
`;
