// Jest Snapshot v1, https://goo.gl/fbAQLP

exports[`it works 1`] = `
.c0 {
  display: grid;
  grid-template-columns: minmax(auto,64em);
  -webkit-box-pack: center;
  -webkit-justify-content: center;
  -ms-flex-pack: center;
  justify-content: center;
  padding: 1rem;
}

.c2 {
  color: #663399;
}

.c3 {
  min-width: 0;
}

.c1 {
  display: grid;
  grid-template-columns: 1fr;
}

<div
  className="c0"
>
  <div
    className="c1"
  >
    <header>
      <h1
        className="c2"
      >
        title_stub
      </h1>
    </header>
    <main
      className="c3"
    >
      content stub
    </main>
  </div>
</div>
`;
