// Jest Snapshot v1, https://goo.gl/fbAQLP

exports[`When I want to see the list of posts Then the list of posts should be displayed 1`] = `
<React.Fragment>
  <PostPreview
    excerpt="\\"Lorem ipsum dolor sit amet, consectetur adipiscing elit, sed do eiusmod tempor incididunt ut labore et dolore magna aliqua. Ut enim ad minim veniam, quis nostrud exercitation ullamco laboris nisi ut…"
    image="https://www.secorto.com/img/logo.png"
    slug="/blog/my-first-post"
    title="My first blog post"
  />
</React.Fragment>
`;
