// Jest Snapshot v1, https://goo.gl/fbAQLP

exports[`query correctly 1`] = `
.c0 {
  display: grid;
  grid-template-columns: minmax(auto,64em);
  -webkit-box-pack: center;
  -webkit-justify-content: center;
  -ms-flex-pack: center;
  justify-content: center;
  padding: 1rem;
}

.c2 {
  color: #663399;
}

.c3 {
  min-width: 0;
  width: 100%;
}

.c1 {
  display: grid;
  grid-template-columns: 1fr;
}

.c4 {
  color: #555;
  margin: 0;
  font-weight: lighter;
}

<div
  className="c0"
>
  <div
    className="c1"
  >
    <header>
      <h1
        className="c2"
      >
        My first blog post
      </h1>
    </header>
    <div
      className="c3"
    >
      <p
        className="c4"
      >
        November 07, 2017
      </p>
      <div
        className="c3"
        dangerouslySetInnerHTML={
          Object {
            "__html": "<p>\\"Lorem ipsum dolor sit amet, consectetur adipiscing elit, sed do eiusmod tempor incididunt ut labore et dolore magna aliqua. Ut enim ad minim veniam, quis nostrud exercitation ullamco laboris nisi ut aliquip ex ea commodo consequat. Duis aute irure dolor in reprehenderit in voluptate velit esse cillum dolore eu fugiat nulla pariatur. Excepteur sint occaecat cupidatat non proident, sunt in culpa qui officia deserunt mollit anim id est laborum.\\"</p>",
          }
        }
      />
    </div>
  </div>
</div>
`;
