// Jest Snapshot v1, https://goo.gl/fbAQLP

exports[`When I want to see a card element Then the content should not exceed the card dimensions 1`] = `
.c0 {
  -webkit-flex: 1;
  -ms-flex: 1;
  flex: 1;
  -webkit-hyphens: auto;
  -moz-hyphens: auto;
  -ms-hyphens: auto;
  hyphens: auto;
  min-width: 0;
  overflow-wrap: break-word;
  word-wrap: break-word;
}

<div
  className="c0"
/>
`;
