// Jest Snapshot v1, https://goo.gl/fbAQLP

exports[`When I want to see the preview of one blog post Then I should be able to see the title and description 1`] = `
<ForwardRef>
  <ForwardRef
    alt="Title stub"
    size="64px"
    src="image_stub"
  />
  <ForwardRef>
    <mockConstructor
      to="slug_stub"
    >
      <ForwardRef>
        Title stub
      </ForwardRef>
    </mockConstructor>
    <ForwardRef>
      Excerpt stub
    </ForwardRef>
  </ForwardRef>
</ForwardRef>
`;
