// Jest Snapshot v1, https://goo.gl/fbAQLP

exports[`When I visit the site Then a grid for the page should be shown 1`] = `
.c0 {
  display: grid;
  grid-template-columns: 1fr;
  grid-template-areas: 'navigation' 'sidebar' 'main';
}

@media only screen and (min-width:48em) {
  .c0 {
    grid-template-columns: 1fr 3fr;
    grid-template-areas: 'sidebar navigation' 'sidebar main';
    grid-gap: 2rem;
    grid-row-gap: 0.5em;
  }
}

<div
  className="c0"
/>
`;
