// Jest Snapshot v1, https://goo.gl/fbAQLP

exports[`When I want to navigate through the pages Then i could see a navigation bar 1`] = `
<ForwardRef>
  <ForwardRef
    activeClassName="active"
    to="link_stub"
  >
    <FeatherIcon
      name="calendar"
      size={24}
    />
    name stub
  </ForwardRef>
</ForwardRef>
`;
