// Jest Snapshot v1, https://goo.gl/fbAQLP

exports[`it works 1`] = `
.c0 {
  -webkit-align-items: center;
  -webkit-box-align: center;
  -ms-flex-align: center;
  align-items: center;
  box-shadow: 0 4px 8px 0 rgba(0,0,0,0.2);
  display: -webkit-box;
  display: -webkit-flex;
  display: -ms-flexbox;
  display: flex;
  margin-bottom: 15px;
  -webkit-transition: 0.3s;
  transition: 0.3s;
  width: 100%;
}

.c0:hover {
  box-shadow: 0 6px 12px 0 rgba(0,0,0,0.2);
}

.c0:last-child {
  margin-bottom: 0;
}

<div
  className="c0"
/>
`;
