// Jest Snapshot v1, https://goo.gl/fbAQLP

exports[`it works 1`] = `
.c0 {
  display: grid;
  grid-template-columns: minmax(auto,64em);
  -webkit-box-pack: center;
  -webkit-justify-content: center;
  -ms-flex-pack: center;
  justify-content: center;
  padding: 1rem;
}

.c1 {
  display: grid;
  grid-template-columns: 1fr;
}

<div
  className="c0"
>
  <div
    className="c1"
  >
    container stub
  </div>
</div>
`;
