// Jest Snapshot v1, https://goo.gl/fbAQLP

exports[`When I open a page with content inside a container Then the content should be displayed with a width of up to 64em 1`] = `
.c0 {
  display: grid;
  grid-template-columns: minmax(auto,64em);
  -webkit-box-pack: center;
  -webkit-justify-content: center;
  -ms-flex-pack: center;
  justify-content: center;
  padding: 1rem;
}

<div
  className="c0"
>
  container stub
</div>
`;
